sifdecode  AKIVA

 Problem name: AKIVA     

 Double precision version will be formed. 

 The objective function uses        1 nonlinear group 
 
 There are        2 free variables
 
 
Objective value = 6.16604
Setup time: 0.00999999
Solve time: 0
Number of Function Evaluations = 565
