sifdecode  CURLY30

 Problem name: CURLY30   

 Double precision version will be formed. 

 The objective function uses    10000 linear groups
 
 There are    10000 free variables
 
 
