sifdecode  EG2

 Problem name: EG2       

 Double precision version will be formed. 

 The objective function uses     1000 nonlinear groups
 
 There are     1000 free variables
 
 
Objective value = 0
Setup time: 0.023334
Solve time: 1.16
Number of Function Evaluations = 82001
