sifdecode  EIGENCLS

 Problem name: EIGENCLS  

 Double precision version will be formed. 

 The objective function uses     2652 nonlinear groups
 
 There are     2652 free variables
 
 
