sifdecode  FLETCBV2

 Problem name: FLETCBV2  

 Double precision version will be formed. 

 The objective function uses     5000 linear groups
 The objective function uses    10001 nonlinear groups
 
 There are     5000 free variables
 
 
