sifdecode  GULF

 Problem name: GULF      

 Double precision version will be formed. 

 The objective function uses       99 nonlinear groups
 
 There are        3 free variables
 
 
