sifdecode  LIARWHD

 Problem name: LIARWHD   

 Double precision version will be formed. 

 The objective function uses     5000 linear groups
 The objective function uses     5000 nonlinear groups
 
 There are     5000 free variables
 
 
