sifdecode  OSBORNEA

 Problem name: OSBORNEA  

 Double precision version will be formed. 

 The objective function uses       33 nonlinear groups
 
 There are        5 free variables
 
 
