sifdecode  PALMER2C

 Problem name: PALMER2C  

 Double precision version will be formed. 

 The objective function uses       23 nonlinear groups
 
 There are        8 free variables
 
 
