sifdecode  PALMER4C

 Problem name: PALMER4C  

 Double precision version will be formed. 

 The objective function uses       23 nonlinear groups
 
 There are        8 free variables
 
 
