sifdecode  QUARTC

 Problem name: QUARTC    

 Double precision version will be formed. 

 The objective function uses     5000 linear groups
 
 There are     5000 free variables
 
 
