sifdecode  SCOSINE

 Problem name: SCOSINE   

 Double precision version will be formed. 

 The objective function uses     4999 nonlinear groups
 
 There are     5000 free variables
 
 
