sifdecode  SPMSRTLS

 Problem name: SPMSRTLS  

 Double precision version will be formed. 

 The objective function uses     8329 nonlinear groups
 
 There are     4999 free variables
 
 
