sifdecode  WATSON

 Problem name: WATSON    

 Double precision version will be formed. 

 The objective function uses        1 linear group 
 The objective function uses       30 nonlinear groups
 
 There are       12 free variables
 
 
