sifdecode  YFITU

 Problem name: YFITU     

 Double precision version will be formed. 

 The objective function uses       17 nonlinear groups
 
 There are        3 free variables
 
 
