sifdecode  ARGLINB

 Problem name: ARGLINB   

 Double precision version will be formed. 

 The objective function uses      400 linear groups
 
 There are      200 free variables
 
 
