sifdecode  ARGLINC

 Problem name: ARGLINC   

 Double precision version will be formed. 

 The objective function uses      400 linear groups
 
 There are      200 free variables
 
 
