sifdecode  BOX

 Problem name: BOX       

 Double precision version will be formed. 

 The objective function uses        1 linear group 
 The objective function uses    40000 nonlinear groups
 
 There are    10000 free variables
 
 
