sifdecode  BRKMCC

 Problem name: BRKMCC    

 Double precision version will be formed. 

 The objective function uses        3 linear groups
 The objective function uses        1 nonlinear group 
 
 There are        2 free variables
 
 
Objective value = 0.232308
Setup time: 0.003333
Solve time: 0
Number of Function Evaluations = 201
