sifdecode  BROWNDEN

 Problem name: BROWNDEN  

 Double precision version will be formed. 

 The objective function uses       20 nonlinear groups
 
 There are        4 free variables
 
 
Objective value = 85822.2
Setup time: 0.01
Solve time: 0
Number of Function Evaluations = 507
