sifdecode  CURLY20

 Problem name: CURLY20   

 Double precision version will be formed. 

 The objective function uses    10000 linear groups
 
 There are    10000 free variables
 
 
