sifdecode  DENSCHNF

 Problem name: DENSCHNF  

 Double precision version will be formed. 

 The objective function uses        2 nonlinear groups
 
 There are        2 free variables
 
 
Objective value = 0
Setup time: 0.00333303
Solve time: 0
Number of Function Evaluations = 205
