sifdecode  DENSCHNE

 Problem name: DENSCHNE  

 Double precision version will be formed. 

 The objective function uses        1 linear group 
 The objective function uses        2 nonlinear groups
 
 There are        3 free variables
 
 
Objective value = 4.65128e-25
Setup time: 0.00333297
Solve time: 0
Number of Function Evaluations = 347
