sifdecode  DIXMAAND

 Problem name: DIXMAAND  

 Double precision version will be formed. 

 The objective function uses        4 nonlinear groups
 
 There are     3000 free variables
 
 
