sifdecode  DIXMAANF

 Problem name: DIXMAANF  

 Double precision version will be formed. 

 The objective function uses        4 nonlinear groups
 
 There are     3000 free variables
 
 
