sifdecode  DIXMAANK

 Problem name: DIXMAANK  

 Double precision version will be formed. 

 The objective function uses        4 nonlinear groups
 
 There are       15 free variables
 
 
Objective value = 1
Setup time: 0.01
Solve time: 0.133332
Number of Function Evaluations = 8231
