sifdecode  GROWTHLS

 Problem name: GROWTHLS  

 Double precision version will be formed. 

 The objective function uses       12 nonlinear groups
 
 There are        3 free variables
 
 
Objective value = 3542.15
Setup time: 0.00333297
Solve time: 0.003333
Number of Function Evaluations = 280
