sifdecode  HILBERTA

 Problem name: HILBERTA  

 Double precision version will be formed. 

 The objective function uses        3 nonlinear groups
 
 There are        2 free variables
 
 
Objective value = 2.06982e-27
Setup time: 0.00999999
Solve time: 0
Number of Function Evaluations = 212
