sifdecode  HIMMELBB

 Problem name: HIMMELBB  

 Double precision version will be formed. 

 The objective function uses        1 nonlinear group 
 
 There are        2 free variables
 
 
Objective value = 0
Setup time: 0
Solve time: 0.00999999
Number of Function Evaluations = 1230
