sifdecode  HUMPS

 Problem name: HUMPS     

 Double precision version will be formed. 

 The objective function uses        1 nonlinear group 
 
 There are        2 free variables
 
 
Objective value = 8.65049e-27
Setup time: 0.003333
Solve time: 0
Number of Function Evaluations = 362
