sifdecode  HYDC20LS

 Problem name: HYDC20LS  

 Double precision version will be formed. 

 The objective function uses       99 nonlinear groups
 
 There are       99 free variables
 
 
