sifdecode  MSQRTBLS

 Problem name: MSQRTBLS  

 Double precision version will be formed. 

 The objective function uses     1024 nonlinear groups
 
 There are     1024 free variables
 
 
