sifdecode  PALMER2C

 Problem name: PALMER2C  

 Double precision version will be formed. 

 The objective function uses       23 nonlinear groups
 
 There are        8 free variables
 
 
Objective value = 5.06966
Setup time: 0.003333
Solve time: 0.026667
Number of Function Evaluations = 3410
