sifdecode  SINEVAL

 Problem name: SINEVAL   

 Double precision version will be formed. 

 The objective function uses        1 linear group 
 The objective function uses        1 nonlinear group 
 
 There are        2 free variables
 
 
Objective value = 9.25111e-26
Setup time: 0.00333399
Solve time: 0
Number of Function Evaluations = 498
