sifdecode  SPARSQUR

 Problem name: SPARSQUR  

 Double precision version will be formed. 

 The objective function uses    10000 nonlinear groups
 
 There are    10000 free variables
 
 
